Microchip MPLAB XC8 Compiler V2.32

Linker command line:

-W-3 --edf=C:\Program Files\Microchip\xc8\v2.32\pic\dat\en_msgs.txt -cn \
  -h+dist/default/production\Projeto_final.X.production.sym \
  --cmf=dist/default/production\Projeto_final.X.production.cmf -z -Q18F4520 \
  -oC:\Users\byanc\AppData\Local\Temp\xcAs3qs.4 --defsym=__MPLAB_BUILD=1 \
  -Mdist/default/production/Projeto_final.X.production.map -E1 \
  -ver=XC8 Compiler --acfsm=1493 -ASTACK=080h-05FFh -pstack=STACK \
  -ACODE=00h-07FFFh -ACONST=00h-07FFFh -ASMALLCONST=0600h-06FFhx122 \
  -AMEDIUMCONST=0600h-07FFFh -ACOMRAM=01h-07Fh -AABS1=00h-05FFh \
  -ABIGRAM=01h-05FFh -ARAM=080h-0FFh,0100h-01FFhx5 -ABANK0=080h-0FFh \
  -ABANK1=0100h-01FFh -ABANK2=0200h-02FFh -ABANK3=0300h-03FFh \
  -ABANK4=0400h-04FFh -ABANK5=0500h-05FFh -ASFR=0F80h-0FFFh \
  -ACONFIG=0300000h-030000Dh -AIDLOC=0200000h-0200007h \
  -AEEDATA=0F00000h-0F000FFh -peeprom_data=EEDATA \
  -preset_vec=00h,intcode,intcodelo,powerup,init -pramtop=0600h \
  -psmallconst=SMALLCONST -pmediumconst=MEDIUMCONST -pconst=CONST \
  -AFARRAM=00h-00h \
  -prdata=COMRAM,nvrram=COMRAM,nvbit=COMRAM,rbss=COMRAM,rbit=COMRAM \
  -pfarbss=FARRAM,fardata=FARRAM,nvFARRAM=FARRAM \
  -pintsave_regs=BIGRAM,bigbss=BIGRAM,bigdata=BIGRAM -pbss=RAM \
  -pidata=CODE,irdata=CODE,ibigdata=CODE,ifardata=CODE -prparam=COMRAM \
  C:\Users\byanc\AppData\Local\Temp\xcAs3qs.o \
  dist/default/production\Projeto_final.X.production.o 

Object code version is 3.11

Machine type is 18F4520



                Name                               Link     Load   Length Selector   Space Scale
C:\Users\byanc\AppData\Local\Temp\xcAs3qs.o
                idloc                            200000   200000        8        0       5
                config                           300000   300000        E        0       4
                init                                  0        0        4        0       0
dist/default/production\Projeto_final.X.production.o
                idloc                            200000   200000        8        0       5
                config                           300000   300000        E        0       4
                smallconst                          600      600       76      300       0
                text51                              B8C      B8C      24E      33B       0
                text50                             1B80     1B80       48      33B       0
                text49                             1E58     1E58       30      33B       0
                text48                             2080     2080        2      33B       0
                text47                              93E      93E      24E      33B       0
                text46                             1C96     1C96       42      33B       0
                text45                             1F34     1F34       2A      33B       0
                text44                             1F0A     1F0A       2A      33B       0
                text43                             1B32     1B32       4E      33B       0
                text42                             197C     197C       5A      33B       0
                text41                             2010     2010       1E      33B       0
                text40                             1FF2     1FF2       1E      33B       0
                text39                             1ADC     1ADC       56      33B       0
                text38                             1D86     1D86       38      33B       0
                text37                             14EC     14EC       C4      33B       0
                text36                             1664     1664       B0      33B       0
                text35                             1A2E     1A2E       58      33B       0
                text34                             1714     1714       A2      33B       0
                text33                              F46      F46      16A      33B       0
                text32                             10B0     10B0      136      33B       0
                text31                             206C     206C        A      33B       0
                text30                             1426     1426       C6      33B       0
                text29                             1FAA     1FAA       26      33B       0
                text28                             1C54     1C54       42      33B       0
                text27                             207E     207E        2      33B       0
                text26                             1EE0     1EE0       2A      33B       0
                text25                             1D4E     1D4E       38      33B       0
                text24                             1D16     1D16       38      33B       0
                text23                             1E26     1E26       32      33B       0
                text22                             1EB6     1EB6       2A      33B       0
                text21                             1E88     1E88       2E      33B       0
                text20                             19D6     19D6       58      33B       0
                text19                             18B4     18B4       68      33B       0
                text18                             1C0E     1C0E       46      33B       0
                text17                             191C     191C       60      33B       0
                text16                             1BC8     1BC8       46      33B       0
                text15                              676      676      2C8      33B       0
                text14                             1CD8     1CD8       3E      33B       0
                text13                             1DF4     1DF4       32      33B       0
                text12                             1F84     1F84       26      33B       0
                text11                             15B0     15B0       B4      33B       0
                text10                             1846     1846       6E      33B       0
                text9                              131A     131A      10C      33B       0
                text8                              1F5E     1F5E       26      33B       0
                text7                              202E     202E       1A      33B       0
                text6                              1A86     1A86       56      33B       0
                text5                               DDA      DDA      16C      33B       0
                text4                              17B6     17B6       90      33B       0
                text3                              2076     2076        8      33B       0
                text2                              1FD0     1FD0       22      33B       0
                text1                              205C     205C       10      33B       0
                text0                              11E6     11E6      134      33B       0
                cstackCOMRAM                          1        1       34        1       1
                dataCOMRAM                           4B       4B       14        1       1
                bssCOMRAM                            35       35       16        1       1
                cinit                              1DBE     1DBE       36      33B       0
                idataCOMRAM                        2048     2048       14      33B       0

TOTAL           Name                               Link     Load   Length     Space
        CLASS   STACK          

        CLASS   CODE           
                init                                  0        0        4         0
                text51                              B8C      B8C      24E         0
                text50                             1B80     1B80       48         0
                text49                             1E58     1E58       30         0
                text48                             2080     2080        2         0
                text47                              93E      93E      24E         0
                text46                             1C96     1C96       42         0
                text45                             1F34     1F34       2A         0
                text44                             1F0A     1F0A       2A         0
                text43                             1B32     1B32       4E         0
                text42                             197C     197C       5A         0
                text41                             2010     2010       1E         0
                text40                             1FF2     1FF2       1E         0
                text39                             1ADC     1ADC       56         0
                text38                             1D86     1D86       38         0
                text37                             14EC     14EC       C4         0
                text36                             1664     1664       B0         0
                text35                             1A2E     1A2E       58         0
                text34                             1714     1714       A2         0
                text33                              F46      F46      16A         0
                text32                             10B0     10B0      136         0
                text31                             206C     206C        A         0
                text30                             1426     1426       C6         0
                text29                             1FAA     1FAA       26         0
                text28                             1C54     1C54       42         0
                text27                             207E     207E        2         0
                text26                             1EE0     1EE0       2A         0
                text25                             1D4E     1D4E       38         0
                text24                             1D16     1D16       38         0
                text23                             1E26     1E26       32         0
                text22                             1EB6     1EB6       2A         0
                text21                             1E88     1E88       2E         0
                text20                             19D6     19D6       58         0
                text19                             18B4     18B4       68         0
                text18                             1C0E     1C0E       46         0
                text17                             191C     191C       60         0
                text16                             1BC8     1BC8       46         0
                text15                              676      676      2C8         0
                text14                             1CD8     1CD8       3E         0
                text13                             1DF4     1DF4       32         0
                text12                             1F84     1F84       26         0
                text11                             15B0     15B0       B4         0
                text10                             1846     1846       6E         0
                text9                              131A     131A      10C         0
                text8                              1F5E     1F5E       26         0
                text7                              202E     202E       1A         0
                text6                              1A86     1A86       56         0
                text5                               DDA      DDA      16C         0
                text4                              17B6     17B6       90         0
                text3                              2076     2076        8         0
                text2                              1FD0     1FD0       22         0
                text1                              205C     205C       10         0
                text0                              11E6     11E6      134         0
                cinit                              1DBE     1DBE       36         0
                idataCOMRAM                        2048     2048       14         0

        CLASS   CONST          

        CLASS   SMALLCONST     
                smallconst                          600      600       76         0

        CLASS   MEDIUMCONST    

        CLASS   COMRAM         
                cstackCOMRAM                          1        1       34         1
                dataCOMRAM                           4B       4B       14         1
                bssCOMRAM                            35       35       16         1

        CLASS   ABS1           

        CLASS   BIGRAM         

        CLASS   RAM            

        CLASS   BANK0          

        CLASS   BANK1          

        CLASS   BANK2          

        CLASS   BANK3          

        CLASS   BANK4          

        CLASS   BANK5          

        CLASS   SFR            

        CLASS   CONFIG         
                config                           300000   300000        E         4

        CLASS   IDLOC          
                idloc                            200000   200000        8         5

        CLASS   EEDATA         

        CLASS   FARRAM         



SEGMENTS        Name                           Load    Length   Top    Selector   Space  Class

                reset_vec                      000000  000004  000004         0       0  CODE    
                cstackCOMRAM                   000001  00005E  00005F         1       1  COMRAM  
                smallconst                     000600  000076  000676       300       0  SMALLCON
                text15                         000676  001A0C  002082       33B       0  CODE    


UNUSED ADDRESS RANGES

        Name                Unused          Largest block    Delta
        BANK0            000080-0000FF               80
        BANK1            000100-0001FF              100
        BANK2            000200-0002FF              100
        BANK3            000300-0003FF              100
        BANK4            000400-0004FF              100
        BANK5            000500-0005FF              100
        BIGRAM           00005F-0005FF              5A1
        CODE             000004-0005FF              5FC
                         002082-007FFF             5F7E
        COMRAM           00005F-00007F               21
        CONST            000004-0005FF              5FC
                         002082-007FFF             5F7E
        EEDATA           F00000-F000FF              100
        MEDIUMCONST      002082-007FFF             5F7E
        RAM              000080-0005FF              100
        SFR              000F80-000FFF               80
        SMALLCONST       002082-007FFF              100
        STACK            000080-0005FF              580

                                  Symbol Table

?___aldiv                  cstackCOMRAM 000001
?___awdiv                  cstackCOMRAM 000016
?___awmod                  cstackCOMRAM 000028
?___wmul                   cstackCOMRAM 00001E
?_bcd2dec                  cstackCOMRAM 000024
?_digitalRead              cstackCOMRAM 000001
?_dsReadData               cstackCOMRAM 000011
?_kpRead                   cstackCOMRAM 000001
_ADCON0                    (abs)        000FC2
_ADCON1                    (abs)        000FC1
_ADCON2                    (abs)        000FC0
_ADRESH                    (abs)        000FC4
_ADRESL                    (abs)        000FC3
_CCP2CON                   (abs)        000FBA
_CCPR2L                    (abs)        000FBB
_I2C_delay                 text27       00207E
_INTCON                    (abs)        000FF2
_PORTA                     (abs)        000F80
_PORTB                     (abs)        000F81
_PORTC                     (abs)        000F82
_PORTD                     (abs)        000F83
_PORTE                     (abs)        000F84
_PR2                       (abs)        000FCB
_PulseClockData            text45       001F34
_PulseEnClock              text44       001F0A
_T0CON                     (abs)        000FD5
_T2CON                     (abs)        000FCA
_TMR0H                     (abs)        000FD7
_TMR0L                     (abs)        000FD6
_TRISA                     (abs)        000F92
_TRISB                     (abs)        000F93
_TRISC                     (abs)        000F94
_TRISD                     (abs)        000F95
_TRISE                     (abs)        000F96
__HRAM                     (abs)        000000
__Habs1                    abs1         000000
__Hbank0                   bank0        000000
__Hbank1                   bank1        000000
__Hbank2                   bank2        000000
__Hbank3                   bank3        000000
__Hbank4                   bank4        000000
__Hbank5                   bank5        000000
__Hbigbss                  bigbss       000000
__Hbigdata                 bigdata      000000
__Hbigram                  bigram       000000
__Hbss                     bss          000000
__HbssCOMRAM               bssCOMRAM    000000
__Hcinit                   cinit        000000
__Hclrtext                 clrtext      000000
__Hcomram                  comram       000000
__Hconfig                  config       30000E
__Hconst                   const        000000
__HcstackCOMRAM            cstackCOMRAM 000000
__Hdata                    data         000000
__HdataCOMRAM              dataCOMRAM   000000
__Heeprom_data             eeprom_data  000000
__Hfarbss                  farbss       000000
__Hfardata                 fardata      000000
__Hibigdata                ibigdata     000000
__Hidata                   idata        000000
__HidataCOMRAM             idataCOMRAM  000000
__Hidloc                   idloc        200008
__Hifardata                ifardata     000000
__Hinit                    init         000004
__Hintcode                 intcode      000000
__Hintcode_body            intcode_body 000000
__Hintcodelo               intcodelo    000000
__Hintentry                intentry     000000
__Hintret                  intret       000000
__Hintsave_regs            intsave_regs 000000
__Hirdata                  irdata       000000
__Hmediumconst             mediumconst  000000
__HnvFARRAM                nvFARRAM     000000
__Hnvbit                   nvbit        000000
__Hnvrram                  nvrram       000000
__Hparam                   rparam       000000
__Hpowerup                 powerup      000000
__Hram                     ram          000000
__Hramtop                  ramtop       000600
__Hrbit                    rbit         000000
__Hrbss                    rbss         000000
__Hrdata                   rdata        000000
__Hreset_vec               reset_vec    000000
__Hrparam                  rparam       000000
__Hsfr                     sfr          000000
__Hsmallconst              smallconst   000676
__Hspace_0                 (abs)        002082
__Hspace_1                 (abs)        00005F
__Hspace_2                 (abs)        000000
__Hspace_4                 (abs)        60000E
__Hstack                   stack        000000
__Hstruct                  struct       000000
__Htemp                    temp         000000
__Htext                    text         000000
__Htext0                   text0        000000
__Htext1                   text1        000000
__Htext10                  text10       000000
__Htext11                  text11       000000
__Htext12                  text12       000000
__Htext13                  text13       000000
__Htext14                  text14       000000
__Htext15                  text15       000000
__Htext16                  text16       000000
__Htext17                  text17       000000
__Htext18                  text18       000000
__Htext19                  text19       000000
__Htext2                   text2        000000
__Htext20                  text20       000000
__Htext21                  text21       000000
__Htext22                  text22       000000
__Htext23                  text23       000000
__Htext24                  text24       000000
__Htext25                  text25       000000
__Htext26                  text26       000000
__Htext27                  text27       000000
__Htext28                  text28       000000
__Htext29                  text29       000000
__Htext3                   text3        000000
__Htext30                  text30       000000
__Htext31                  text31       000000
__Htext32                  text32       000000
__Htext33                  text33       000000
__Htext34                  text34       000000
__Htext35                  text35       000000
__Htext36                  text36       000000
__Htext37                  text37       000000
__Htext38                  text38       000000
__Htext39                  text39       000000
__Htext4                   text4        000000
__Htext40                  text40       000000
__Htext41                  text41       000000
__Htext42                  text42       000000
__Htext43                  text43       000000
__Htext44                  text44       000000
__Htext45                  text45       000000
__Htext46                  text46       000000
__Htext47                  text47       000000
__Htext48                  text48       000000
__Htext49                  text49       000000
__Htext5                   text5        000000
__Htext50                  text50       000000
__Htext51                  text51       000000
__Htext6                   text6        000000
__Htext7                   text7        000000
__Htext8                   text8        000000
__Htext9                   text9        000000
__LRAM                     (abs)        000001
__Labs1                    abs1         000000
__Lbank0                   bank0        000000
__Lbank1                   bank1        000000
__Lbank2                   bank2        000000
__Lbank3                   bank3        000000
__Lbank4                   bank4        000000
__Lbank5                   bank5        000000
__Lbigbss                  bigbss       000000
__Lbigdata                 bigdata      000000
__Lbigram                  bigram       000000
__Lbss                     bss          000000
__LbssCOMRAM               bssCOMRAM    000000
__Lcinit                   cinit        000000
__Lclrtext                 clrtext      000000
__Lcomram                  comram       000000
__Lconfig                  config       000000
__Lconst                   const        000000
__LcstackCOMRAM            cstackCOMRAM 000000
__Ldata                    data         000000
__LdataCOMRAM              dataCOMRAM   000000
__Leeprom_data             eeprom_data  000000
__Lfarbss                  farbss       000000
__Lfardata                 fardata      000000
__Libigdata                ibigdata     000000
__Lidata                   idata        000000
__LidataCOMRAM             idataCOMRAM  000000
__Lidloc                   idloc        000000
__Lifardata                ifardata     000000
__Linit                    init         000000
__Lintcode                 intcode      000000
__Lintcode_body            intcode_body 000000
__Lintcodelo               intcodelo    000000
__Lintentry                intentry     000000
__Lintret                  intret       000000
__Lintsave_regs            intsave_regs 000000
__Lirdata                  irdata       000000
__Lmediumconst             mediumconst  000000
__LnvFARRAM                nvFARRAM     000000
__Lnvbit                   nvbit        000000
__Lnvrram                  nvrram       000000
__Lparam                   rparam       000000
__Lpowerup                 powerup      000000
__Lram                     ram          000000
__Lramtop                  ramtop       000600
__Lrbit                    rbit         000000
__Lrbss                    rbss         000000
__Lrdata                   rdata        000000
__Lreset_vec               reset_vec    000000
__Lrparam                  rparam       000000
__Lsfr                     sfr          000000
__Lsmallconst              smallconst   000600
__Lspace_0                 (abs)        000000
__Lspace_1                 (abs)        000000
__Lspace_2                 (abs)        000000
__Lspace_4                 (abs)        000000
__Lstack                   stack        000000
__Lstruct                  struct       000000
__Ltemp                    temp         000000
__Ltext                    text         000000
__Ltext0                   text0        000000
__Ltext1                   text1        000000
__Ltext10                  text10       000000
__Ltext11                  text11       000000
__Ltext12                  text12       000000
__Ltext13                  text13       000000
__Ltext14                  text14       000000
__Ltext15                  text15       000000
__Ltext16                  text16       000000
__Ltext17                  text17       000000
__Ltext18                  text18       000000
__Ltext19                  text19       000000
__Ltext2                   text2        000000
__Ltext20                  text20       000000
__Ltext21                  text21       000000
__Ltext22                  text22       000000
__Ltext23                  text23       000000
__Ltext24                  text24       000000
__Ltext25                  text25       000000
__Ltext26                  text26       000000
__Ltext27                  text27       000000
__Ltext28                  text28       000000
__Ltext29                  text29       000000
__Ltext3                   text3        000000
__Ltext30                  text30       000000
__Ltext31                  text31       000000
__Ltext32                  text32       000000
__Ltext33                  text33       000000
__Ltext34                  text34       000000
__Ltext35                  text35       000000
__Ltext36                  text36       000000
__Ltext37                  text37       000000
__Ltext38                  text38       000000
__Ltext39                  text39       000000
__Ltext4                   text4        000000
__Ltext40                  text40       000000
__Ltext41                  text41       000000
__Ltext42                  text42       000000
__Ltext43                  text43       000000
__Ltext44                  text44       000000
__Ltext45                  text45       000000
__Ltext46                  text46       000000
__Ltext47                  text47       000000
__Ltext48                  text48       000000
__Ltext49                  text49       000000
__Ltext5                   text5        000000
__Ltext50                  text50       000000
__Ltext51                  text51       000000
__Ltext6                   text6        000000
__Ltext7                   text7        000000
__Ltext8                   text8        000000
__Ltext9                   text9        000000
__S0                       (abs)        002082
__S1                       (abs)        00005F
__S2                       (abs)        000000
__S4                       (abs)        000000
__S5                       (abs)        000000
___aldiv                   text9        00131A
___aldiv@counter           cstackCOMRAM 000009
___aldiv@dividend          cstackCOMRAM 000001
___aldiv@divisor           cstackCOMRAM 000005
___aldiv@quotient          cstackCOMRAM 00000B
___aldiv@sign              cstackCOMRAM 00000A
___awdiv                   text37       0014EC
___awdiv@counter           cstackCOMRAM 00001A
___awdiv@dividend          cstackCOMRAM 000016
___awdiv@divisor           cstackCOMRAM 000018
___awdiv@quotient          cstackCOMRAM 00001C
___awdiv@sign              cstackCOMRAM 00001B
___awmod                   text36       001664
___awmod@counter           cstackCOMRAM 00002C
___awmod@dividend          cstackCOMRAM 000028
___awmod@divisor           cstackCOMRAM 00002A
___awmod@sign              cstackCOMRAM 00002D
___inthi_sp                stack        000000
___intlo_sp                stack        000000
___param_bank              (abs)        000000
___rparam_used             (abs)        000001
___sp                      stack        000000
___wmul                    text29       001FAA
___wmul@multiplicand       cstackCOMRAM 000020
___wmul@multiplier         cstackCOMRAM 00001E
___wmul@product            cstackCOMRAM 000022
__accesstop                (abs)        000080
__activetblptr             (abs)        000002
__end_of_I2C_delay         text27       002080
__end_of_PulseClockData    text45       001F5E
__end_of_PulseEnClock      text44       001F34
__end_of___aldiv           text9        001426
__end_of___awdiv           text37       0015B0
__end_of___awmod           text36       001714
__end_of___wmul            text29       001FD0
__end_of__initialization   cinit        001DEA
__end_of_adcInit           text50       001BC8
__end_of_atualizaLCD       text38       001DBE
__end_of_atualizaSSD       text34       0017B6
__end_of_bcd2dec           text28       001C96
__end_of_charKey           smallconst   00061B
__end_of_clear_SCL         text26       001F0A
__end_of_clear_SDA         text22       001EE0
__end_of_delayMicro        text48       002082
__end_of_delayMili         text49       001E88
__end_of_digitalRead       text33       0010B0
__end_of_digitalWrite      text47       000B8C
__end_of_dsReadData        text16       001C0E
__end_of_escolherProcesso  text30       0014EC
__end_of_i2cReadByte       text19       00191C
__end_of_i2cWriteByte      text17       00197C
__end_of_i2c_read_bit      text23       001E58
__end_of_i2c_start         text18       001C54
__end_of_i2c_stop          text21       001EB6
__end_of_i2c_write_bit     text20       001A2E
__end_of_inicio            text15       00093E
__end_of_kpDebounce        text32       0011E6
__end_of_kpInit            text13       001E26
__end_of_kpRead            text31       002076
__end_of_lcdChar           text40       002010
__end_of_lcdCommand        text41       00202E
__end_of_lcdInit           text11       001664
__end_of_lcdString         text39       001B32
__end_of_leTeclado         text10       0018B4
__end_of_main              text0        00131A
__end_of_pinMode           text51       000DDA
__end_of_pulseEnablePin    text46       001CD8
__end_of_pushByte          text42       0019D6
__end_of_pushNibble        text12       001FAA
__end_of_pwmFrequency      text8        001F84
__end_of_pwmInit           text7        002048
__end_of_read_SCL          text25       001D86
__end_of_read_SDA          text24       001D4E
__end_of_soInit            text14       001D16
__end_of_soWrite           text43       001B80
__end_of_ssdDigit          text35       001A86
__end_of_ssdInit           text6        001ADC
__end_of_ssdUpdate         text5        000F46
__end_of_timer             text4        001846
__end_of_timerInit         text3        00207E
__end_of_timerReset        text2        001FF2
__end_of_timerWait         text1        00206C
__end_of_valor             smallconst   000611
__initialization           cinit        001DBE
__mediumconst              mediumconst  000000
__pbssCOMRAM               bssCOMRAM    000035
__pcinit                   cinit        001DBE
__pcstackCOMRAM            cstackCOMRAM 000001
__pdataCOMRAM              dataCOMRAM   00004B
__pidataCOMRAM             idataCOMRAM  002048
__psmallconst              smallconst   000600
__ptext0                   text0        0011E6
__ptext1                   text1        00205C
__ptext10                  text10       001846
__ptext11                  text11       0015B0
__ptext12                  text12       001F84
__ptext13                  text13       001DF4
__ptext14                  text14       001CD8
__ptext15                  text15       000676
__ptext16                  text16       001BC8
__ptext17                  text17       00191C
__ptext18                  text18       001C0E
__ptext19                  text19       0018B4
__ptext2                   text2        001FD0
__ptext20                  text20       0019D6
__ptext21                  text21       001E88
__ptext22                  text22       001EB6
__ptext23                  text23       001E26
__ptext24                  text24       001D16
__ptext25                  text25       001D4E
__ptext26                  text26       001EE0
__ptext27                  text27       00207E
__ptext28                  text28       001C54
__ptext29                  text29       001FAA
__ptext3                   text3        002076
__ptext30                  text30       001426
__ptext31                  text31       00206C
__ptext32                  text32       0010B0
__ptext33                  text33       000F46
__ptext34                  text34       001714
__ptext35                  text35       001A2E
__ptext36                  text36       001664
__ptext37                  text37       0014EC
__ptext38                  text38       001D86
__ptext39                  text39       001ADC
__ptext4                   text4        0017B6
__ptext40                  text40       001FF2
__ptext41                  text41       002010
__ptext42                  text42       00197C
__ptext43                  text43       001B32
__ptext44                  text44       001F0A
__ptext45                  text45       001F34
__ptext46                  text46       001C96
__ptext47                  text47       00093E
__ptext48                  text48       002080
__ptext49                  text49       001E58
__ptext5                   text5        000DDA
__ptext50                  text50       001B80
__ptext51                  text51       000B8C
__ptext6                   text6        001A86
__ptext7                   text7        00202E
__ptext8                   text8        001F5E
__ptext9                   text9        00131A
__ramtop                   ramtop       000600
__size_of_I2C_delay        (abs)        000000
__size_of_PulseClockData   (abs)        000000
__size_of_PulseEnClock     (abs)        000000
__size_of___aldiv          (abs)        000000
__size_of___awdiv          (abs)        000000
__size_of___awmod          (abs)        000000
__size_of___wmul           (abs)        000000
__size_of_adcInit          (abs)        000000
__size_of_atualizaLCD      (abs)        000000
__size_of_atualizaSSD      (abs)        000000
__size_of_bcd2dec          (abs)        000000
__size_of_clear_SCL        (abs)        000000
__size_of_clear_SDA        (abs)        000000
__size_of_delayMicro       (abs)        000000
__size_of_delayMili        (abs)        000000
__size_of_digitalRead      (abs)        000000
__size_of_digitalWrite     (abs)        000000
__size_of_dsReadData       (abs)        000000
__size_of_escolherProcesso (abs)        000000
__size_of_i2cReadByte      (abs)        000000
__size_of_i2cWriteByte     (abs)        000000
__size_of_i2c_read_bit     (abs)        000000
__size_of_i2c_start        (abs)        000000
__size_of_i2c_stop         (abs)        000000
__size_of_i2c_write_bit    (abs)        000000
__size_of_inicio           (abs)        000000
__size_of_kpDebounce       (abs)        000000
__size_of_kpInit           (abs)        000000
__size_of_kpRead           (abs)        000000
__size_of_lcdChar          (abs)        000000
__size_of_lcdCommand       (abs)        000000
__size_of_lcdInit          (abs)        000000
__size_of_lcdString        (abs)        000000
__size_of_leTeclado        (abs)        000000
__size_of_main             (abs)        000000
__size_of_pinMode          (abs)        000000
__size_of_pulseEnablePin   (abs)        000000
__size_of_pushByte         (abs)        000000
__size_of_pushNibble       (abs)        000000
__size_of_pwmFrequency     (abs)        000000
__size_of_pwmInit          (abs)        000000
__size_of_read_SCL         (abs)        000000
__size_of_read_SDA         (abs)        000000
__size_of_soInit           (abs)        000000
__size_of_soWrite          (abs)        000000
__size_of_ssdDigit         (abs)        000000
__size_of_ssdInit          (abs)        000000
__size_of_ssdUpdate        (abs)        000000
__size_of_timer            (abs)        000000
__size_of_timerInit        (abs)        000000
__size_of_timerReset       (abs)        000000
__size_of_timerWait        (abs)        000000
__smallconst               smallconst   000600
_adcInit                   text50       001B80
_atualizaLCD               text38       001D86
_atualizaSSD               text34       001714
_bcd2dec                   text28       001C54
_clear_SCL                 text26       001EE0
_clear_SDA                 text22       001EB6
_delayMicro                text48       002080
_delayMili                 text49       001E58
_digitalRead               text33       000F46
_digitalWrite              text47       00093E
_display                   bssCOMRAM    000046
_dsReadData                text16       001BC8
_escolherProcesso          text30       001426
_fim                       bssCOMRAM    000048
_i                         bssCOMRAM    00003F
_i2cReadByte               text19       0018B4
_i2cWriteByte              text17       00191C
_i2c_read_bit              text23       001E26
_i2c_start                 text18       001C0E
_i2c_stop                  text21       001E88
_i2c_write_bit             text20       0019D6
_inicio                    text15       000676
_inicio$1310               cstackCOMRAM 00002E
_keys                      bssCOMRAM    000039
_kpDebounce                text32       0010B0
_kpInit                    text13       001DF4
_kpRead                    text31       00206C
_lcdChar                   text40       001FF2
_lcdCommand                text41       002010
_lcdInit                   text11       0015B0
_lcdString                 text39       001ADC
_leTeclado                 text10       001846
_main                      text0        0011E6
_minutos                   bssCOMRAM    00003D
_pinMode                   text51       000B8C
_processo                  dataCOMRAM   000053
_pulseEnablePin            text46       001C96
_pushByte                  text42       00197C
_pushNibble                text12       001F84
_pwmFrequency              text8        001F5E
_pwmInit                   text7        00202E
_read_SCL                  text25       001D4E
_read_SDA                  text24       001D16
_segundos                  bssCOMRAM    00003B
_soInit                    text14       001CD8
_soWrite                   text43       001B32
_ssdDigit                  text35       001A2E
_ssdInit                   text6        001A86
_ssdUpdate                 text5        000DDA
_start                     bssCOMRAM    000049
_started                   bssCOMRAM    000041
_state                     bssCOMRAM    00004A
_t                         dataCOMRAM   00004B
_timer                     text4        0017B6
_timerInit                 text3        002076
_timerReset                text2        001FD0
_timerWait                 text1        00205C
_v0                        bssCOMRAM    000045
_v1                        bssCOMRAM    000044
_v2                        bssCOMRAM    000043
_v3                        bssCOMRAM    000042
_valor                     smallconst   000601
bcd2dec@value              cstackCOMRAM 000024
delayMicro@a               cstackCOMRAM 000001
delayMili@a                cstackCOMRAM 000001
delayMili@i                cstackCOMRAM 000004
digitalRead@pin            cstackCOMRAM 000001
digitalWrite@pin           cstackCOMRAM 000001
digitalWrite@value         cstackCOMRAM 000003
dsReadData@address         cstackCOMRAM 000011
dsReadData@result          cstackCOMRAM 000014
end_of_initialization      cinit        001DEA
escolherProcesso@tecla     dataCOMRAM   00005B
i2cReadByte@bit            cstackCOMRAM 00000F
i2cReadByte@byte           cstackCOMRAM 00000D
i2cReadByte@nack           cstackCOMRAM 00000C
i2cReadByte@send_stop      cstackCOMRAM 000008
i2cWriteByte@bit           cstackCOMRAM 00000B
i2cWriteByte@byte          cstackCOMRAM 000009
i2cWriteByte@send_start    cstackCOMRAM 00000A
i2cWriteByte@send_stop     cstackCOMRAM 000008
i2c_read_bit@bit           cstackCOMRAM 000007
i2c_write_bit@bit          cstackCOMRAM 000007
intlevel0                  text         000000
intlevel1                  text         000000
intlevel2                  text         000000
intlevel3                  text         000000
isa$std                    (abs)        000001
isa$xinst                  (abs)        000000
kpDebounce@i               cstackCOMRAM 00000D
kpDebounce@newRead         bssCOMRAM    000037
kpDebounce@oldRead         bssCOMRAM    000035
kpDebounce@tempo           bssCOMRAM    000047
lcdChar@value              cstackCOMRAM 00000E
lcdCommand@value           cstackCOMRAM 00000E
lcdString@i                cstackCOMRAM 000013
lcdString@msg              cstackCOMRAM 00000F
leTeclado@tecla            dataCOMRAM   00005D
main@slot                  cstackCOMRAM 000034
main@tempo                 cstackCOMRAM 000032
pinMode@pin                cstackCOMRAM 000001
pinMode@type               cstackCOMRAM 000003
pushByte@rs                cstackCOMRAM 00000A
pushByte@value             cstackCOMRAM 00000D
pushNibble@rs              cstackCOMRAM 00000A
pushNibble@value           cstackCOMRAM 00000C
pwmFrequency@freq          cstackCOMRAM 00000F
soWrite@i                  cstackCOMRAM 000009
soWrite@value              cstackCOMRAM 000007
ssdDigit@pos               cstackCOMRAM 00002E
ssdDigit@val               cstackCOMRAM 00002F
stackhi                    (abs)        0005FF
stacklo                    (abs)        000080
start                      init         000000
start_initialization       cinit        001DBE
timerReset@ciclos          cstackCOMRAM 000003
timerReset@tempo           cstackCOMRAM 000001


MODULE INFORMATION

Module		Function		Class		Link	Load	Size
ssd.c
		_ssdInit       		CODE           	1A86	0000	86
		_ssdDigit      		CODE           	1A2E	0000	88
		_ssdUpdate     		CODE           	0DDA	0000	364

ssd.c estimated size: 538

C:\Program Files\Microchip\xc8\v2.32\pic\sources\c99\common\awdiv.c
		___awdiv       		CODE           	14EC	0000	196

C:\Program Files\Microchip\xc8\v2.32\pic\sources\c99\common\awdiv.c estimated size: 196

C:\Program Files\Microchip\xc8\v2.32\pic\sources\c99\common\aldiv.c
		___aldiv       		CODE           	131A	0000	268

C:\Program Files\Microchip\xc8\v2.32\pic\sources\c99\common\aldiv.c estimated size: 268

keypad.c
		_kpInit        		CODE           	1DF4	0000	50
		_kpDebounce    		CODE           	10B0	0000	310
		_kpRead        		CODE           	206C	0000	10

keypad.c estimated size: 370

so.c
		_soInit        		CODE           	1CD8	0000	62
		_soWrite       		CODE           	1B32	0000	78
		_PulseEnClock  		CODE           	1F0A	0000	42
		_PulseClockData		CODE           	1F34	0000	42

so.c estimated size: 224

io.c
		_digitalRead   		CODE           	0F46	0000	362
		_digitalWrite  		CODE           	093E	0000	590
		_pinMode       		CODE           	0B8C	0000	590

io.c estimated size: 1542

timer.c
		_timerWait     		CODE           	205C	0000	16
		_timerReset    		CODE           	1FD0	0000	34
		_timerInit     		CODE           	2076	0000	8

timer.c estimated size: 58

i2c.c
		_i2c_start     		CODE           	1C0E	0000	70
		_i2cReadByte   		CODE           	18B4	0000	104
		_read_SCL      		CODE           	1D4E	0000	56
		_I2C_delay     		CODE           	207E	0000	2
		_clear_SDA     		CODE           	1EB6	0000	42
		_clear_SCL     		CODE           	1EE0	0000	42
		_i2cWriteByte  		CODE           	191C	0000	96
		_i2c_stop      		CODE           	1E88	0000	46
		_i2c_write_bit 		CODE           	19D6	0000	88
		_i2c_read_bit  		CODE           	1E26	0000	50
		_read_SDA      		CODE           	1D16	0000	56

i2c.c estimated size: 652

pwm.c
		_pwmInit       		CODE           	202E	0000	26
		_pwmFrequency  		CODE           	1F5E	0000	38

pwm.c estimated size: 64

ds1307.c
		_dsReadData    		CODE           	1BC8	0000	70
		_bcd2dec       		CODE           	1C54	0000	66

ds1307.c estimated size: 136

C:\Program Files\Microchip\xc8\v2.32\pic\sources\c99\common\Umul16.c
		___wmul        		CODE           	1FAA	0000	38

C:\Program Files\Microchip\xc8\v2.32\pic\sources\c99\common\Umul16.c estimated size: 38

adc.c
		_adcInit       		CODE           	1B80	0000	72

adc.c estimated size: 72

shared
		_valor         		SMALLCONST     	0601	0000	16
		_charKey       		SMALLCONST     	0000	0000	0
		__initialization		CODE           	1DBE	0000	44

shared estimated size: 60

C:\Program Files\Microchip\xc8\v2.32\pic\sources\c99\common\awmod.c
		___awmod       		CODE           	1664	0000	176

C:\Program Files\Microchip\xc8\v2.32\pic\sources\c99\common\awmod.c estimated size: 176

lcd.c
		_lcdCommand    		CODE           	2010	0000	30
		_lcdChar       		CODE           	1FF2	0000	30
		_lcdString     		CODE           	1ADC	0000	86
		_pulseEnablePin		CODE           	1C96	0000	66
		_pushByte      		CODE           	197C	0000	90
		_pushNibble    		CODE           	1F84	0000	38
		_lcdInit       		CODE           	15B0	0000	180
		_delayMili     		CODE           	1E58	0000	48
		_delayMicro    		CODE           	2080	0000	2

lcd.c estimated size: 570

main.c
		_main          		CODE           	11E6	0000	308
		_escolherProcesso		CODE           	1426	0000	198
		_timer         		CODE           	17B6	0000	144
		_leTeclado     		CODE           	1846	0000	110
		_atualizaLCD   		CODE           	1D86	0000	56
		_atualizaSSD   		CODE           	1714	0000	162
		_inicio        		CODE           	0676	0000	712

main.c estimated size: 1690

